2025-09-09 13:59:21,313 - basic_example - DEBUG - è¿™æ˜¯è°ƒè¯•ä¿¡æ¯
2025-09-09 13:59:21,313 - basic_example - INFO - è¿™æ˜¯ä¿¡æ¯æ—¥å¿—
2025-09-09 13:59:21,314 - basic_example - WARNING - è¿™æ˜¯è­¦å‘Šä¿¡æ¯
2025-09-09 13:59:21,314 - basic_example - ERROR - è¿™æ˜¯é”™è¯¯ä¿¡æ¯
2025-09-09 13:59:21,314 - basic_example - CRITICAL - è¿™æ˜¯ä¸¥é‡é”™è¯¯
2025-09-09 13:59:21,314 - basic_example - ERROR - è®¡ç®—è¿‡ç¨‹ä¸­å‘ç”Ÿå¼‚å¸¸
Traceback (most recent call last):
  File "/Users/guojianli/Documents/python/python-awesome-basic-coding/18-exception-handling/08_logging_exceptions.py", line 100, in demonstrate_exception_logging
    result = risky_function(10, 0)
  File "/Users/guojianli/Documents/python/python-awesome-basic-coding/18-exception-handling/08_logging_exceptions.py", line 92, in risky_function
    raise ZeroDivisionError("é™¤æ•°ä¸èƒ½ä¸ºé›¶")
ZeroDivisionError: é™¤æ•°ä¸èƒ½ä¸ºé›¶
2025-09-09 13:59:21,321 - basic_example - ERROR - è®¡ç®—å¤±è´¥: xä¸èƒ½ä¸ºè´Ÿæ•°
Traceback (most recent call last):
  File "/Users/guojianli/Documents/python/python-awesome-basic-coding/18-exception-handling/08_logging_exceptions.py", line 108, in demonstrate_exception_logging
    result = risky_function(-5, 2)
  File "/Users/guojianli/Documents/python/python-awesome-basic-coding/18-exception-handling/08_logging_exceptions.py", line 94, in risky_function
    raise ValueError("xä¸èƒ½ä¸ºè´Ÿæ•°")
ValueError: xä¸èƒ½ä¸ºè´Ÿæ•°
2025-09-09 13:59:21,322 - basic_example - ERROR - å¼‚å¸¸è¯¦æƒ…:
Traceback (most recent call last):
  File "/Users/guojianli/Documents/python/python-awesome-basic-coding/18-exception-handling/08_logging_exceptions.py", line 116, in demonstrate_exception_logging
    result = risky_function(10, 0)
  File "/Users/guojianli/Documents/python/python-awesome-basic-coding/18-exception-handling/08_logging_exceptions.py", line 92, in risky_function
    raise ZeroDivisionError("é™¤æ•°ä¸èƒ½ä¸ºé›¶")
ZeroDivisionError: é™¤æ•°ä¸èƒ½ä¸ºé›¶

2025-09-09 13:59:21,324 - basic_example - ERROR - å‘ç”Ÿå¼‚å¸¸é“¾
Traceback (most recent call last):
  File "/Users/guojianli/Documents/python/python-awesome-basic-coding/18-exception-handling/08_logging_exceptions.py", line 126, in demonstrate_exception_logging
    result = risky_function(10, 0)
  File "/Users/guojianli/Documents/python/python-awesome-basic-coding/18-exception-handling/08_logging_exceptions.py", line 92, in risky_function
    raise ZeroDivisionError("é™¤æ•°ä¸èƒ½ä¸ºé›¶")
ZeroDivisionError: é™¤æ•°ä¸èƒ½ä¸ºé›¶

The above exception was the direct cause of the following exception:

Traceback (most recent call last):
  File "/Users/guojianli/Documents/python/python-awesome-basic-coding/18-exception-handling/08_logging_exceptions.py", line 128, in demonstrate_exception_logging
    raise RuntimeError("è®¡ç®—æ¨¡å—é”™è¯¯") from e
RuntimeError: è®¡ç®—æ¨¡å—é”™è¯¯
2025-09-09 13:59:21,329 - basic_example - INFO - å¼‚å¸¸é“¾: RuntimeError: è®¡ç®—æ¨¡å—é”™è¯¯ -> ZeroDivisionError: é™¤æ•°ä¸èƒ½ä¸ºé›¶
2025-09-09 13:59:21,333 - advanced_example - DEBUG - è°ƒè¯•ä¿¡æ¯ - åªåœ¨æ–‡ä»¶ä¸­è®°å½•
2025-09-09 13:59:21,333 - advanced_example - [32mINFO[0m - ä¿¡æ¯æ—¥å¿— - æ§åˆ¶å°å’Œæ–‡ä»¶
2025-09-09 13:59:21,334 - advanced_example - [33mWARNING[0m - è­¦å‘Šä¿¡æ¯ - æ‰€æœ‰å¤„ç†å™¨
2025-09-09 13:59:21,334 - advanced_example - [31mERROR[0m - é”™è¯¯ä¿¡æ¯ - æ‰€æœ‰å¤„ç†å™¨
2025-09-09 13:59:21,335 - advanced_example - [31mERROR[0m - è¿™æ˜¯ä¸€ä¸ªæµ‹è¯•å¼‚å¸¸
Traceback (most recent call last):
  File "/Users/guojianli/Documents/python/python-awesome-basic-coding/18-exception-handling/08_logging_exceptions.py", line 278, in test_advanced_logging
    raise ValueError("æµ‹è¯•å¼‚å¸¸")
ValueError: æµ‹è¯•å¼‚å¸¸
2025-09-09 13:59:21,337 - advanced_example - [33mWARNING[0m - æ‰¹é‡æ—¥å¿—æµ‹è¯• 1/10
2025-09-09 13:59:21,337 - advanced_example - [33mWARNING[0m - æ‰¹é‡æ—¥å¿—æµ‹è¯• 2/10
2025-09-09 13:59:21,338 - advanced_example - [33mWARNING[0m - æ‰¹é‡æ—¥å¿—æµ‹è¯• 3/10
2025-09-09 13:59:21,339 - advanced_example - [33mWARNING[0m - æ‰¹é‡æ—¥å¿—æµ‹è¯• 4/10
2025-09-09 13:59:21,339 - advanced_example - [33mWARNING[0m - æ‰¹é‡æ—¥å¿—æµ‹è¯• 5/10
2025-09-09 13:59:21,339 - advanced_example - [33mWARNING[0m - æ‰¹é‡æ—¥å¿—æµ‹è¯• 6/10
2025-09-09 13:59:21,339 - advanced_example - [33mWARNING[0m - æ‰¹é‡æ—¥å¿—æµ‹è¯• 7/10
2025-09-09 13:59:21,339 - advanced_example - [33mWARNING[0m - æ‰¹é‡æ—¥å¿—æµ‹è¯• 8/10
2025-09-09 13:59:21,339 - advanced_example - [33mWARNING[0m - æ‰¹é‡æ—¥å¿—æµ‹è¯• 9/10
2025-09-09 13:59:21,339 - advanced_example - [33mWARNING[0m - æ‰¹é‡æ—¥å¿—æµ‹è¯• 10/10
2025-09-09 13:59:21,341 - structured_example - INFO - {"timestamp": "2025-09-09T05:59:21.340789+00:00", "level": "INFO", "message": "ç”¨æˆ·ç™»å½•", "context": {"user_id": "user_123", "session_id": "session_456", "request_id": "req_789", "module": "user_service"}, "operation": "login", "ip_address": "192.168.1.100", "user_agent": "Mozilla/5.0"}
2025-09-09 13:59:21,341 - structured_example - WARNING - {"timestamp": "2025-09-09T05:59:21.341095+00:00", "level": "WARNING", "message": "ç™»å½•å°è¯•å¤±è´¥", "context": {"user_id": "user_123", "session_id": "session_456", "request_id": "req_789", "module": "user_service"}, "operation": "login", "reason": "invalid_password", "attempts": 3}
2025-09-09 13:59:21,341 - structured_example - INFO - {"timestamp": "2025-09-09T05:59:21.341160+00:00", "level": "INFO", "message": "è®¢å•åˆ›å»º", "context": {"user_id": "user_123", "session_id": "session_456", "request_id": "req_789", "module": "user_service"}, "operation": "create_order", "order_id": "order_001", "amount": 99.99, "currency": "USD"}
2025-09-09 13:59:21,341 - structured_example - ERROR - {"timestamp": "2025-09-09T05:59:21.341262+00:00", "level": "ERROR", "message": "è®¢å•å¤„ç†å¤±è´¥", "context": {"user_id": "user_123", "session_id": "session_456", "request_id": "req_789", "module": "user_service"}, "operation": "process_order", "order_id": "order_001", "error_code": "DIVISION_ERROR", "exc_info": ["<class 'ZeroDivisionError'>", "division by zero", "<traceback object at 0x100b29ec0>"], "exception": {"type": "ZeroDivisionError", "message": "division by zero", "traceback": ["Traceback (most recent call last):\n", "  File \"/Users/guojianli/Documents/python/python-awesome-basic-coding/18-exception-handling/08_logging_exceptions.py\", line 446, in test_structured_logging\n    result = 10 / 0\n", "ZeroDivisionError: division by zero\n"]}}
2025-09-09 13:59:21,341 - structured_example - INFO - {"timestamp": "2025-09-09T05:59:21.341397+00:00", "level": "INFO", "message": "APIå“åº”æ—¶é—´", "context": {"user_id": "user_123", "session_id": "session_456", "request_id": "req_789", "module": "user_service"}, "operation": "get_user_profile", "response_time_ms": 150, "status_code": 200, "cache_hit": true}
2025-09-09 13:59:38,570 - basic_example - DEBUG - è¿™æ˜¯è°ƒè¯•ä¿¡æ¯
2025-09-09 13:59:38,570 - basic_example - INFO - è¿™æ˜¯ä¿¡æ¯æ—¥å¿—
2025-09-09 13:59:38,570 - basic_example - WARNING - è¿™æ˜¯è­¦å‘Šä¿¡æ¯
2025-09-09 13:59:38,570 - basic_example - ERROR - è¿™æ˜¯é”™è¯¯ä¿¡æ¯
2025-09-09 13:59:38,570 - basic_example - CRITICAL - è¿™æ˜¯ä¸¥é‡é”™è¯¯
2025-09-09 13:59:38,570 - basic_example - ERROR - è®¡ç®—è¿‡ç¨‹ä¸­å‘ç”Ÿå¼‚å¸¸
Traceback (most recent call last):
  File "/Users/guojianli/Documents/python/python-awesome-basic-coding/18-exception-handling/08_logging_exceptions.py", line 100, in demonstrate_exception_logging
    result = risky_function(10, 0)
  File "/Users/guojianli/Documents/python/python-awesome-basic-coding/18-exception-handling/08_logging_exceptions.py", line 92, in risky_function
    raise ZeroDivisionError("é™¤æ•°ä¸èƒ½ä¸ºé›¶")
ZeroDivisionError: é™¤æ•°ä¸èƒ½ä¸ºé›¶
2025-09-09 13:59:38,571 - basic_example - ERROR - è®¡ç®—å¤±è´¥: xä¸èƒ½ä¸ºè´Ÿæ•°
Traceback (most recent call last):
  File "/Users/guojianli/Documents/python/python-awesome-basic-coding/18-exception-handling/08_logging_exceptions.py", line 108, in demonstrate_exception_logging
    result = risky_function(-5, 2)
  File "/Users/guojianli/Documents/python/python-awesome-basic-coding/18-exception-handling/08_logging_exceptions.py", line 94, in risky_function
    raise ValueError("xä¸èƒ½ä¸ºè´Ÿæ•°")
ValueError: xä¸èƒ½ä¸ºè´Ÿæ•°
2025-09-09 13:59:38,571 - basic_example - ERROR - å¼‚å¸¸è¯¦æƒ…:
Traceback (most recent call last):
  File "/Users/guojianli/Documents/python/python-awesome-basic-coding/18-exception-handling/08_logging_exceptions.py", line 116, in demonstrate_exception_logging
    result = risky_function(10, 0)
  File "/Users/guojianli/Documents/python/python-awesome-basic-coding/18-exception-handling/08_logging_exceptions.py", line 92, in risky_function
    raise ZeroDivisionError("é™¤æ•°ä¸èƒ½ä¸ºé›¶")
ZeroDivisionError: é™¤æ•°ä¸èƒ½ä¸ºé›¶

2025-09-09 13:59:38,571 - basic_example - ERROR - å‘ç”Ÿå¼‚å¸¸é“¾
Traceback (most recent call last):
  File "/Users/guojianli/Documents/python/python-awesome-basic-coding/18-exception-handling/08_logging_exceptions.py", line 126, in demonstrate_exception_logging
    result = risky_function(10, 0)
  File "/Users/guojianli/Documents/python/python-awesome-basic-coding/18-exception-handling/08_logging_exceptions.py", line 92, in risky_function
    raise ZeroDivisionError("é™¤æ•°ä¸èƒ½ä¸ºé›¶")
ZeroDivisionError: é™¤æ•°ä¸èƒ½ä¸ºé›¶

The above exception was the direct cause of the following exception:

Traceback (most recent call last):
  File "/Users/guojianli/Documents/python/python-awesome-basic-coding/18-exception-handling/08_logging_exceptions.py", line 128, in demonstrate_exception_logging
    raise RuntimeError("è®¡ç®—æ¨¡å—é”™è¯¯") from e
RuntimeError: è®¡ç®—æ¨¡å—é”™è¯¯
2025-09-09 13:59:38,571 - basic_example - INFO - å¼‚å¸¸é“¾: RuntimeError: è®¡ç®—æ¨¡å—é”™è¯¯ -> ZeroDivisionError: é™¤æ•°ä¸èƒ½ä¸ºé›¶
2025-09-09 13:59:38,571 - advanced_example - DEBUG - è°ƒè¯•ä¿¡æ¯ - åªåœ¨æ–‡ä»¶ä¸­è®°å½•
2025-09-09 13:59:38,572 - advanced_example - [32mINFO[0m - ä¿¡æ¯æ—¥å¿— - æ§åˆ¶å°å’Œæ–‡ä»¶
2025-09-09 13:59:38,572 - advanced_example - [33mWARNING[0m - è­¦å‘Šä¿¡æ¯ - æ‰€æœ‰å¤„ç†å™¨
2025-09-09 13:59:38,572 - advanced_example - [31mERROR[0m - é”™è¯¯ä¿¡æ¯ - æ‰€æœ‰å¤„ç†å™¨
2025-09-09 13:59:38,572 - advanced_example - [31mERROR[0m - è¿™æ˜¯ä¸€ä¸ªæµ‹è¯•å¼‚å¸¸
Traceback (most recent call last):
  File "/Users/guojianli/Documents/python/python-awesome-basic-coding/18-exception-handling/08_logging_exceptions.py", line 278, in test_advanced_logging
    raise ValueError("æµ‹è¯•å¼‚å¸¸")
ValueError: æµ‹è¯•å¼‚å¸¸
2025-09-09 13:59:38,573 - advanced_example - [33mWARNING[0m - æ‰¹é‡æ—¥å¿—æµ‹è¯• 1/10
2025-09-09 13:59:38,573 - advanced_example - [33mWARNING[0m - æ‰¹é‡æ—¥å¿—æµ‹è¯• 2/10
2025-09-09 13:59:38,573 - advanced_example - [33mWARNING[0m - æ‰¹é‡æ—¥å¿—æµ‹è¯• 3/10
2025-09-09 13:59:38,574 - advanced_example - [33mWARNING[0m - æ‰¹é‡æ—¥å¿—æµ‹è¯• 4/10
2025-09-09 13:59:38,574 - advanced_example - [33mWARNING[0m - æ‰¹é‡æ—¥å¿—æµ‹è¯• 5/10
2025-09-09 13:59:38,574 - advanced_example - [33mWARNING[0m - æ‰¹é‡æ—¥å¿—æµ‹è¯• 6/10
2025-09-09 13:59:38,574 - advanced_example - [33mWARNING[0m - æ‰¹é‡æ—¥å¿—æµ‹è¯• 7/10
2025-09-09 13:59:38,574 - advanced_example - [33mWARNING[0m - æ‰¹é‡æ—¥å¿—æµ‹è¯• 8/10
2025-09-09 13:59:38,574 - advanced_example - [33mWARNING[0m - æ‰¹é‡æ—¥å¿—æµ‹è¯• 9/10
2025-09-09 13:59:38,574 - advanced_example - [33mWARNING[0m - æ‰¹é‡æ—¥å¿—æµ‹è¯• 10/10
2025-09-09 13:59:38,575 - structured_example - INFO - {"timestamp": "2025-09-09T05:59:38.575099+00:00", "level": "INFO", "message": "ç”¨æˆ·ç™»å½•", "context": {"user_id": "user_123", "session_id": "session_456", "request_id": "req_789", "module": "user_service"}, "operation": "login", "ip_address": "192.168.1.100", "user_agent": "Mozilla/5.0"}
2025-09-09 13:59:38,575 - structured_example - WARNING - {"timestamp": "2025-09-09T05:59:38.575522+00:00", "level": "WARNING", "message": "ç™»å½•å°è¯•å¤±è´¥", "context": {"user_id": "user_123", "session_id": "session_456", "request_id": "req_789", "module": "user_service"}, "operation": "login", "reason": "invalid_password", "attempts": 3}
2025-09-09 13:59:38,575 - structured_example - INFO - {"timestamp": "2025-09-09T05:59:38.575636+00:00", "level": "INFO", "message": "è®¢å•åˆ›å»º", "context": {"user_id": "user_123", "session_id": "session_456", "request_id": "req_789", "module": "user_service"}, "operation": "create_order", "order_id": "order_001", "amount": 99.99, "currency": "USD"}
2025-09-09 13:59:38,576 - structured_example - ERROR - {"timestamp": "2025-09-09T05:59:38.575928+00:00", "level": "ERROR", "message": "è®¢å•å¤„ç†å¤±è´¥", "context": {"user_id": "user_123", "session_id": "session_456", "request_id": "req_789", "module": "user_service"}, "operation": "process_order", "order_id": "order_001", "error_code": "DIVISION_ERROR", "exc_info": ["<class 'ZeroDivisionError'>", "division by zero", "<traceback object at 0x103a25ec0>"], "exception": {"type": "ZeroDivisionError", "message": "division by zero", "traceback": ["Traceback (most recent call last):\n", "  File \"/Users/guojianli/Documents/python/python-awesome-basic-coding/18-exception-handling/08_logging_exceptions.py\", line 446, in test_structured_logging\n    result = 10 / 0\n", "ZeroDivisionError: division by zero\n"]}}
2025-09-09 13:59:38,576 - structured_example - INFO - {"timestamp": "2025-09-09T05:59:38.576073+00:00", "level": "INFO", "message": "APIå“åº”æ—¶é—´", "context": {"user_id": "user_123", "session_id": "session_456", "request_id": "req_789", "module": "user_service"}, "operation": "get_user_profile", "response_time_ms": 150, "status_code": 200, "cache_hit": true}
2025-09-09 13:59:38,576 - test_logger - INFO - å¼€å§‹æ‰§è¡Œå‡½æ•°: __main__.calculate_factorial
2025-09-09 13:59:38,576 - test_logger - INFO - å¼€å§‹æ‰§è¡Œå‡½æ•°: __main__.calculate_factorial
2025-09-09 13:59:38,576 - test_logger - INFO - å¼€å§‹æ‰§è¡Œå‡½æ•°: __main__.calculate_factorial
2025-09-09 13:59:38,576 - test_logger - INFO - å¼€å§‹æ‰§è¡Œå‡½æ•°: __main__.calculate_factorial
2025-09-09 13:59:38,576 - test_logger - INFO - å¼€å§‹æ‰§è¡Œå‡½æ•°: __main__.calculate_factorial
2025-09-09 13:59:38,576 - test_logger - INFO - å‡½æ•°æ‰§è¡ŒæˆåŠŸ: __main__.calculate_factorial
2025-09-09 13:59:38,576 - test_logger - INFO - å‡½æ•°æ‰§è¡ŒæˆåŠŸ: __main__.calculate_factorial
2025-09-09 13:59:38,576 - test_logger - INFO - å‡½æ•°æ‰§è¡ŒæˆåŠŸ: __main__.calculate_factorial
2025-09-09 13:59:38,576 - test_logger - INFO - å‡½æ•°æ‰§è¡ŒæˆåŠŸ: __main__.calculate_factorial
2025-09-09 13:59:38,576 - test_logger - INFO - å‡½æ•°æ‰§è¡ŒæˆåŠŸ: __main__.calculate_factorial
2025-09-09 13:59:38,576 - test_logger - INFO - å¼€å§‹æ‰§è¡Œå‡½æ•°: __main__.calculate_factorial
2025-09-09 13:59:38,576 - test_logger - ERROR - å‡½æ•°æ‰§è¡Œå¤±è´¥: __main__.calculate_factorial
Traceback (most recent call last):
  File "/Users/guojianli/Documents/python/python-awesome-basic-coding/18-exception-handling/08_logging_exceptions.py", line 498, in wrapper
    result = func(*args, **kwargs)
  File "/Users/guojianli/Documents/python/python-awesome-basic-coding/18-exception-handling/08_logging_exceptions.py", line 618, in calculate_factorial
    raise ValueError("nå¿…é¡»ä¸ºéè´Ÿæ•´æ•°")
ValueError: nå¿…é¡»ä¸ºéè´Ÿæ•´æ•°
2025-09-09 13:59:38,576 - test_logger - ERROR - å‡½æ•° __main__.divide_numbers å‘ç”Ÿå¼‚å¸¸
Traceback (most recent call last):
  File "/Users/guojianli/Documents/python/python-awesome-basic-coding/18-exception-handling/08_logging_exceptions.py", line 540, in wrapper
    return func(*args, **kwargs)
  File "/Users/guojianli/Documents/python/python-awesome-basic-coding/18-exception-handling/08_logging_exceptions.py", line 626, in divide_numbers
    return a / b
ZeroDivisionError: division by zero
2025-09-09 13:59:38,576 - test_logger - INFO - å¼€å§‹æ“ä½œ: æ•°æ®å¤„ç†
2025-09-09 13:59:38,681 - test_logger - INFO - æ“ä½œå®Œæˆ: æ•°æ®å¤„ç†
2025-09-09 13:59:38,681 - test_logger - INFO - å¼€å§‹æ“ä½œ: é”™è¯¯å¤„ç†
2025-09-09 13:59:38,682 - test_logger - ERROR - æ“ä½œå¤±è´¥: é”™è¯¯å¤„ç†
Traceback (most recent call last):
  File "/Users/guojianli/Documents/python/python-awesome-basic-coding/18-exception-handling/08_logging_exceptions.py", line 570, in log_context
    yield logger
  File "/Users/guojianli/Documents/python/python-awesome-basic-coding/18-exception-handling/08_logging_exceptions.py", line 657, in test_logging_decorators
    raise RuntimeError("æ¨¡æ‹Ÿå¤„ç†é”™è¯¯")
RuntimeError: æ¨¡æ‹Ÿå¤„ç†é”™è¯¯
2025-09-09 13:59:38,682 - myapp - INFO - åº”ç”¨å¯åŠ¨
2025-09-09 13:59:38,682 - myapp - WARNING - ç”¨æˆ·æ“ä½œ: login
2025-09-09 13:59:38,683 - myapp - INFO - æ€§èƒ½æŒ‡æ ‡: database_query
2025-09-09 13:59:38,683 - myapp - ERROR - å®‰å…¨äº‹ä»¶: failed_login
2025-09-09 13:59:38,683 - myapp - ERROR - ä¸šåŠ¡é€»è¾‘å¼‚å¸¸
Traceback (most recent call last):
  File "/Users/guojianli/Documents/python/python-awesome-basic-coding/18-exception-handling/08_logging_exceptions.py", line 895, in test_production_logging
    raise ValueError("æ— æ•ˆçš„ç”¨æˆ·è¾“å…¥")
ValueError: æ— æ•ˆçš„ç”¨æˆ·è¾“å…¥
2025-09-09 13:59:38,683 - myapp - INFO - æ‰¹é‡å¤„ç†è®°å½• 1/100
2025-09-09 13:59:38,683 - myapp - INFO - æ‰¹é‡å¤„ç†è®°å½• 2/100
2025-09-09 13:59:38,683 - myapp - INFO - æ‰¹é‡å¤„ç†è®°å½• 3/100
2025-09-09 13:59:38,683 - myapp - INFO - æ‰¹é‡å¤„ç†è®°å½• 4/100
2025-09-09 13:59:38,683 - myapp - INFO - æ‰¹é‡å¤„ç†è®°å½• 5/100
2025-09-09 13:59:38,683 - myapp - INFO - æ‰¹é‡å¤„ç†è®°å½• 6/100
2025-09-09 13:59:38,683 - myapp - INFO - æ‰¹é‡å¤„ç†è®°å½• 7/100
2025-09-09 13:59:38,683 - myapp - INFO - æ‰¹é‡å¤„ç†è®°å½• 8/100
2025-09-09 13:59:38,683 - myapp - INFO - æ‰¹é‡å¤„ç†è®°å½• 9/100
2025-09-09 13:59:38,683 - myapp - INFO - æ‰¹é‡å¤„ç†è®°å½• 10/100
2025-09-09 13:59:38,683 - myapp - INFO - æ‰¹é‡å¤„ç†è®°å½• 11/100
2025-09-09 13:59:38,683 - myapp - INFO - æ‰¹é‡å¤„ç†è®°å½• 12/100
2025-09-09 13:59:38,684 - myapp - INFO - æ‰¹é‡å¤„ç†è®°å½• 13/100
2025-09-09 13:59:38,684 - myapp - INFO - æ‰¹é‡å¤„ç†è®°å½• 14/100
2025-09-09 13:59:38,684 - myapp - INFO - æ‰¹é‡å¤„ç†è®°å½• 15/100
2025-09-09 13:59:38,684 - myapp - INFO - æ‰¹é‡å¤„ç†è®°å½• 16/100
2025-09-09 13:59:38,684 - myapp - INFO - æ‰¹é‡å¤„ç†è®°å½• 17/100
2025-09-09 13:59:38,684 - myapp - INFO - æ‰¹é‡å¤„ç†è®°å½• 18/100
2025-09-09 13:59:38,684 - myapp - INFO - æ‰¹é‡å¤„ç†è®°å½• 19/100
2025-09-09 13:59:38,684 - myapp - INFO - æ‰¹é‡å¤„ç†è®°å½• 20/100
2025-09-09 13:59:38,684 - myapp - INFO - æ‰¹é‡å¤„ç†è®°å½• 21/100
2025-09-09 13:59:38,684 - myapp - INFO - æ‰¹é‡å¤„ç†è®°å½• 22/100
2025-09-09 13:59:38,684 - myapp - INFO - æ‰¹é‡å¤„ç†è®°å½• 23/100
2025-09-09 13:59:38,684 - myapp - INFO - æ‰¹é‡å¤„ç†è®°å½• 24/100
2025-09-09 13:59:38,684 - myapp - INFO - æ‰¹é‡å¤„ç†è®°å½• 25/100
2025-09-09 13:59:38,684 - myapp - INFO - æ‰¹é‡å¤„ç†è®°å½• 26/100
2025-09-09 13:59:38,684 - myapp - INFO - æ‰¹é‡å¤„ç†è®°å½• 27/100
2025-09-09 13:59:38,684 - myapp - INFO - æ‰¹é‡å¤„ç†è®°å½• 28/100
2025-09-09 13:59:38,684 - myapp - INFO - æ‰¹é‡å¤„ç†è®°å½• 29/100
2025-09-09 13:59:38,684 - myapp - INFO - æ‰¹é‡å¤„ç†è®°å½• 30/100
2025-09-09 13:59:38,684 - myapp - INFO - æ‰¹é‡å¤„ç†è®°å½• 31/100
2025-09-09 13:59:38,684 - myapp - INFO - æ‰¹é‡å¤„ç†è®°å½• 32/100
2025-09-09 13:59:38,684 - myapp - INFO - æ‰¹é‡å¤„ç†è®°å½• 33/100
2025-09-09 13:59:38,684 - myapp - INFO - æ‰¹é‡å¤„ç†è®°å½• 34/100
2025-09-09 13:59:38,684 - myapp - INFO - æ‰¹é‡å¤„ç†è®°å½• 35/100
2025-09-09 13:59:38,684 - myapp - INFO - æ‰¹é‡å¤„ç†è®°å½• 36/100
2025-09-09 13:59:38,685 - myapp - INFO - æ‰¹é‡å¤„ç†è®°å½• 37/100
2025-09-09 13:59:38,685 - myapp - INFO - æ‰¹é‡å¤„ç†è®°å½• 38/100
2025-09-09 13:59:38,685 - myapp - INFO - æ‰¹é‡å¤„ç†è®°å½• 39/100
2025-09-09 13:59:38,685 - myapp - INFO - æ‰¹é‡å¤„ç†è®°å½• 40/100
2025-09-09 13:59:38,685 - myapp - INFO - æ‰¹é‡å¤„ç†è®°å½• 41/100
2025-09-09 13:59:38,685 - myapp - INFO - æ‰¹é‡å¤„ç†è®°å½• 42/100
2025-09-09 13:59:38,685 - myapp - INFO - æ‰¹é‡å¤„ç†è®°å½• 43/100
2025-09-09 13:59:38,685 - myapp - INFO - æ‰¹é‡å¤„ç†è®°å½• 44/100
2025-09-09 13:59:38,685 - myapp - INFO - æ‰¹é‡å¤„ç†è®°å½• 45/100
2025-09-09 13:59:38,685 - myapp - INFO - æ‰¹é‡å¤„ç†è®°å½• 46/100
2025-09-09 13:59:38,685 - myapp - INFO - æ‰¹é‡å¤„ç†è®°å½• 47/100
2025-09-09 13:59:38,685 - myapp - INFO - æ‰¹é‡å¤„ç†è®°å½• 48/100
2025-09-09 13:59:38,685 - myapp - INFO - æ‰¹é‡å¤„ç†è®°å½• 49/100
2025-09-09 13:59:38,685 - myapp - INFO - æ‰¹é‡å¤„ç†è®°å½• 50/100
2025-09-09 13:59:38,685 - myapp - INFO - æ‰¹é‡å¤„ç†è®°å½• 51/100
2025-09-09 13:59:38,685 - myapp - INFO - æ‰¹é‡å¤„ç†è®°å½• 52/100
2025-09-09 13:59:38,685 - myapp - INFO - æ‰¹é‡å¤„ç†è®°å½• 53/100
2025-09-09 13:59:38,685 - myapp - INFO - æ‰¹é‡å¤„ç†è®°å½• 54/100
2025-09-09 13:59:38,685 - myapp - INFO - æ‰¹é‡å¤„ç†è®°å½• 55/100
2025-09-09 13:59:38,685 - myapp - INFO - æ‰¹é‡å¤„ç†è®°å½• 56/100
2025-09-09 13:59:38,685 - myapp - INFO - æ‰¹é‡å¤„ç†è®°å½• 57/100
2025-09-09 13:59:38,685 - myapp - INFO - æ‰¹é‡å¤„ç†è®°å½• 58/100
2025-09-09 13:59:38,685 - myapp - INFO - æ‰¹é‡å¤„ç†è®°å½• 59/100
2025-09-09 13:59:38,685 - myapp - INFO - æ‰¹é‡å¤„ç†è®°å½• 60/100
2025-09-09 13:59:38,685 - myapp - INFO - æ‰¹é‡å¤„ç†è®°å½• 61/100
2025-09-09 13:59:38,686 - myapp - INFO - æ‰¹é‡å¤„ç†è®°å½• 62/100
2025-09-09 13:59:38,686 - myapp - INFO - æ‰¹é‡å¤„ç†è®°å½• 63/100
2025-09-09 13:59:38,686 - myapp - INFO - æ‰¹é‡å¤„ç†è®°å½• 64/100
2025-09-09 13:59:38,686 - myapp - INFO - æ‰¹é‡å¤„ç†è®°å½• 65/100
2025-09-09 13:59:38,686 - myapp - INFO - æ‰¹é‡å¤„ç†è®°å½• 66/100
2025-09-09 13:59:38,686 - myapp - INFO - æ‰¹é‡å¤„ç†è®°å½• 67/100
2025-09-09 13:59:38,686 - myapp - INFO - æ‰¹é‡å¤„ç†è®°å½• 68/100
2025-09-09 13:59:38,686 - myapp - INFO - æ‰¹é‡å¤„ç†è®°å½• 69/100
2025-09-09 13:59:38,686 - myapp - INFO - æ‰¹é‡å¤„ç†è®°å½• 70/100
2025-09-09 13:59:38,686 - myapp - INFO - æ‰¹é‡å¤„ç†è®°å½• 71/100
2025-09-09 13:59:38,686 - myapp - INFO - æ‰¹é‡å¤„ç†è®°å½• 72/100
2025-09-09 13:59:38,686 - myapp - INFO - æ‰¹é‡å¤„ç†è®°å½• 73/100
2025-09-09 13:59:38,686 - myapp - INFO - æ‰¹é‡å¤„ç†è®°å½• 74/100
2025-09-09 13:59:38,686 - myapp - INFO - æ‰¹é‡å¤„ç†è®°å½• 75/100
2025-09-09 13:59:38,686 - myapp - INFO - æ‰¹é‡å¤„ç†è®°å½• 76/100
2025-09-09 13:59:38,686 - myapp - INFO - æ‰¹é‡å¤„ç†è®°å½• 77/100
2025-09-09 13:59:38,686 - myapp - INFO - æ‰¹é‡å¤„ç†è®°å½• 78/100
2025-09-09 13:59:38,686 - myapp - INFO - æ‰¹é‡å¤„ç†è®°å½• 79/100
2025-09-09 13:59:38,686 - myapp - INFO - æ‰¹é‡å¤„ç†è®°å½• 80/100
2025-09-09 13:59:38,686 - myapp - INFO - æ‰¹é‡å¤„ç†è®°å½• 81/100
2025-09-09 13:59:38,687 - myapp - INFO - æ‰¹é‡å¤„ç†è®°å½• 82/100
2025-09-09 13:59:38,687 - myapp - INFO - æ‰¹é‡å¤„ç†è®°å½• 83/100
2025-09-09 13:59:38,687 - myapp - INFO - æ‰¹é‡å¤„ç†è®°å½• 84/100
2025-09-09 13:59:38,687 - myapp - INFO - æ‰¹é‡å¤„ç†è®°å½• 85/100
2025-09-09 13:59:38,687 - myapp - INFO - æ‰¹é‡å¤„ç†è®°å½• 86/100
2025-09-09 13:59:38,687 - myapp - INFO - æ‰¹é‡å¤„ç†è®°å½• 87/100
2025-09-09 13:59:38,687 - myapp - INFO - æ‰¹é‡å¤„ç†è®°å½• 88/100
2025-09-09 13:59:38,687 - myapp - INFO - æ‰¹é‡å¤„ç†è®°å½• 89/100
2025-09-09 13:59:38,687 - myapp - INFO - æ‰¹é‡å¤„ç†è®°å½• 90/100
2025-09-09 13:59:38,687 - myapp - INFO - æ‰¹é‡å¤„ç†è®°å½• 91/100
2025-09-09 13:59:38,687 - myapp - INFO - æ‰¹é‡å¤„ç†è®°å½• 92/100
2025-09-09 13:59:38,687 - myapp - INFO - æ‰¹é‡å¤„ç†è®°å½• 93/100
2025-09-09 13:59:38,687 - myapp - INFO - æ‰¹é‡å¤„ç†è®°å½• 94/100
2025-09-09 13:59:38,687 - myapp - INFO - æ‰¹é‡å¤„ç†è®°å½• 95/100
2025-09-09 13:59:38,687 - myapp - INFO - æ‰¹é‡å¤„ç†è®°å½• 96/100
2025-09-09 13:59:38,687 - myapp - INFO - æ‰¹é‡å¤„ç†è®°å½• 97/100
2025-09-09 13:59:38,687 - myapp - INFO - æ‰¹é‡å¤„ç†è®°å½• 98/100
2025-09-09 13:59:38,687 - myapp - INFO - æ‰¹é‡å¤„ç†è®°å½• 99/100
2025-09-09 13:59:38,687 - myapp - INFO - æ‰¹é‡å¤„ç†è®°å½• 100/100
